[2m1:18:38 PM[22m [36m[1m[vite][22m[39m [90m[2m(client)[22m[39m Re-optimizing dependencies because vite config has changed

  [32m[1mVITE[22m v8.1.3[39m  [2mready in [0m[1m1307[22m[2m[0m ms[22m

  [32m➜[39m  [1mLocal[22m:   [36mhttp://127.0.0.1:[1m4174[22m/[39m
{"timestamp":"2026-07-13T11:18:39.605Z","level":"info","event":"http_request","traceId":"d803e7a2b49a030ce459432c7179830d","spanId":"facf54a2a448829e","traceFlags":"01","parentSpanId":null,"requestId":"a4de31ac-8cbb-41b5-ab71-b6a4cc0a3b9e","method":"GET","path":"/api/health/live","status":200,"durationMs":3}
{"timestamp":"2026-07-13T11:19:25.053Z","level":"info","event":"http_request","traceId":"9dfa57e596f7f83f6c5226140c4aa3e9","spanId":"bedef3d63b2c8ccd","traceFlags":"01","parentSpanId":null,"requestId":"e979d0b7-1470-4c3f-ae6b-3cb8e094ecf1","actor":"local-admin","role":"admin","tenantId":"local-development","tenantName":"Primary organization","method":"GET","path":"/settings","status":200,"durationMs":365}
{"timestamp":"2026-07-13T11:19:48.419Z","level":"info","event":"http_request","traceId":"626efa12f041b8514a43695f842a3303","spanId":"5fb43db8b9a81ec0","traceFlags":"01","parentSpanId":null,"requestId":"abafab37-942e-4110-9e1a-e9380b32f1d8","actor":"local-admin","role":"admin","tenantId":"local-development","tenantName":"Primary organization","method":"GET","path":"/settings","status":200,"durationMs":6}
[2m1:21:29 PM[22m [36m[1m[vite][22m[39m [90m[2m(client)[22m[39m [32mhmr update [39m[2m/src/routes/layout.css[22m
[2m1:21:29 PM[22m [36m[1m[vite][22m[39m [34m[2m(ssr)[22m[39m [32mpage reload [39m[2msrc/routes/layout.css[22m
[2m1:21:29 PM[22m [36m[1m[vite][22m[39m [90m[2m(client)[22m[39m [32mhmr update [39m[2m/src/routes/settings/+page.svelte, /src/routes/layout.css[22m
[2m1:21:29 PM[22m [36m[1m[vite][22m[39m [34m[2m(ssr)[22m[39m [32mpage reload [39m[2msrc/routes/settings/+page.svelte[22m
{"timestamp":"2026-07-13T11:21:39.317Z","level":"info","event":"http_request","traceId":"382aaf4dbbca055f25f6c8fbb429e241","spanId":"e83e114517ac9d1f","traceFlags":"01","parentSpanId":null,"requestId":"e5020ff0-3e89-4d9d-a3c6-104ad7ff3f4d","actor":"local-admin","role":"admin","tenantId":"local-development","tenantName":"Primary organization","method":"GET","path":"/settings","status":200,"durationMs":229}
[2m1:24:51 PM[22m [36m[1m[vite][22m[39m [90m[2m(client)[22m[39m [32mpage reload [39m[2m.svelte-kit/generated/client/nodes/0.js[22m
[2m1:24:51 PM[22m [36m[1m[vite][22m[39m [90m[2m(client)[22m[39m [32mpage reload [39m[2m.svelte-kit/generated/client/nodes/1.js[22m
[2m1:24:51 PM[22m [36m[1m[vite][22m[39m [90m[2m(client)[22m[39m [32mpage reload [39m[2m.svelte-kit/generated/client/app.js[22m
[2m1:24:51 PM[22m [36m[1m[vite][22m[39m [34m[2m(ssr)[22m[39m [32mpage reload [39m[2m.svelte-kit/generated/shared/error-template.js[22m
[2m1:24:51 PM[22m [36m[1m[vite][22m[39m [34m[2m(ssr)[22m[39m [32mpage reload [39m[2m.svelte-kit/generated/server/internal.js[22m
[2m1:24:51 PM[22m [36m[1m[vite][22m[39m [90m[2m(client)[22m[39m [32mpage reload [39m[2m.svelte-kit/generated/client/nodes/9.js[22m
[2m1:24:51 PM[22m [36m[1m[vite][22m[39m [90m[2m(client)[22m[39m [32mpage reload [39m[2m.svelte-kit/generated/client/matchers.js[22m
[2m1:24:51 PM[22m [36m[1m[vite][22m[39m [90m[2m(client)[22m[39m [32mpage reload [39m[2m.svelte-kit/generated/root.js[22m
[2m1:24:51 PM[22m [36m[1m[vite][22m[39m [34m[2m(ssr)[22m[39m [32mpage reload [39m[2m.svelte-kit/generated/root.js[22m
[2m1:24:51 PM[22m [36m[1m[vite][22m[39m [34m[2m(ssr)[22m[39m [32mpage reload [39m[2m.svelte-kit/generated/root.svelte[22m
[2m1:24:53 PM[22m [36m[1m[vite][22m[39m [90m[2m(client)[22m[39m [32mpage reload [39m[2m.svelte-kit/generated/client/nodes/0.js[22m
[2m1:24:53 PM[22m [36m[1m[vite][22m[39m [90m[2m(client)[22m[39m [32mpage reload [39m[2m.svelte-kit/generated/client/nodes/1.js[22m
[2m1:24:53 PM[22m [36m[1m[vite][22m[39m [90m[2m(client)[22m[39m [32mpage reload [39m[2m.svelte-kit/generated/client/app.js[22m
[2m1:24:53 PM[22m [36m[1m[vite][22m[39m [34m[2m(ssr)[22m[39m [32mpage reload [39m[2m.svelte-kit/generated/shared/error-template.js[22m
[2m1:24:53 PM[22m [36m[1m[vite][22m[39m [90m[2m(client)[22m[39m [32mpage reload [39m[2m.svelte-kit/generated/client/nodes/9.js[22m
[2m1:24:53 PM[22m [36m[1m[vite][22m[39m [34m[2m(ssr)[22m[39m [32mpage reload [39m[2m.svelte-kit/generated/server/internal.js[22m
[2m1:24:53 PM[22m [36m[1m[vite][22m[39m [90m[2m(client)[22m[39m [32mpage reload [39m[2m.svelte-kit/generated/client/matchers.js[22m
[2m1:24:53 PM[22m [36m[1m[vite][22m[39m [90m[2m(client)[22m[39m [32mpage reload [39m[2m.svelte-kit/generated/root.js[22m
[2m1:24:53 PM[22m [36m[1m[vite][22m[39m [34m[2m(ssr)[22m[39m [32mpage reload [39m[2m.svelte-kit/generated/root.js[22m
[2m1:24:53 PM[22m [36m[1m[vite][22m[39m [34m[2m(ssr)[22m[39m [32mpage reload [39m[2m.svelte-kit/generated/root.svelte[22m
[2m1:24:54 PM[22m [36m[1m[vite][22m[39m [90m[2m(client)[22m[39m [32mpage reload [39m[2m.svelte-kit/generated/client/nodes/0.js[22m
[2m1:24:54 PM[22m [36m[1m[vite][22m[39m [90m[2m(client)[22m[39m [32mpage reload [39m[2m.svelte-kit/generated/client/nodes/1.js[22m
[2m1:24:54 PM[22m [36m[1m[vite][22m[39m [90m[2m(client)[22m[39m [32mpage reload [39m[2m.svelte-kit/generated/client/app.js[22m
[2m1:24:54 PM[22m [36m[1m[vite][22m[39m [34m[2m(ssr)[22m[39m [32mpage reload [39m[2m.svelte-kit/generated/shared/error-template.js[22m
[2m1:24:54 PM[22m [36m[1m[vite][22m[39m [34m[2m(ssr)[22m[39m [32mpage reload [39m[2m.svelte-kit/generated/server/internal.js[22m
[2m1:24:54 PM[22m [36m[1m[vite][22m[39m [90m[2m(client)[22m[39m [32mpage reload [39m[2m.svelte-kit/generated/client/nodes/9.js[22m
[2m1:24:54 PM[22m [36m[1m[vite][22m[39m [90m[2m(client)[22m[39m [32mpage reload [39m[2m.svelte-kit/generated/client/matchers.js[22m
[2m1:24:54 PM[22m [36m[1m[vite][22m[39m [90m[2m(client)[22m[39m [32mpage reload [39m[2m.svelte-kit/generated/root.js[22m
[2m1:24:54 PM[22m [36m[1m[vite][22m[39m [34m[2m(ssr)[22m[39m [32mpage reload [39m[2m.svelte-kit/generated/root.js[22m
[2m1:24:54 PM[22m [36m[1m[vite][22m[39m [34m[2m(ssr)[22m[39m [32mpage reload [39m[2m.svelte-kit/generated/root.svelte[22m
[2m1:24:56 PM[22m [36m[1m[vite][22m[39m [90m[2m(client)[22m[39m [32mpage reload [39m[2m.svelte-kit/generated/client/nodes/0.js[22m
[2m1:24:56 PM[22m [36m[1m[vite][22m[39m [90m[2m(client)[22m[39m [32mpage reload [39m[2m.svelte-kit/generated/client/nodes/1.js[22m
[2m1:24:56 PM[22m [36m[1m[vite][22m[39m [90m[2m(client)[22m[39m [32mpage reload [39m[2m.svelte-kit/generated/client/app.js[22m
[2m1:24:56 PM[22m [36m[1m[vite][22m[39m [34m[2m(ssr)[22m[39m [32mpage reload [39m[2m.svelte-kit/generated/shared/error-template.js[22m
[2m1:24:56 PM[22m [36m[1m[vite][22m[39m [34m[2m(ssr)[22m[39m [32mpage reload [39m[2m.svelte-kit/generated/server/internal.js[22m
[2m1:24:56 PM[22m [36m[1m[vite][22m[39m [90m[2m(client)[22m[39m [32mpage reload [39m[2m.svelte-kit/generated/client/nodes/9.js[22m
[2m1:24:56 PM[22m [36m[1m[vite][22m[39m [90m[2m(client)[22m[39m [32mpage reload [39m[2m.svelte-kit/generated/client/matchers.js[22m
[2m1:24:56 PM[22m [36m[1m[vite][22m[39m [90m[2m(client)[22m[39m [32mpage reload [39m[2m.svelte-kit/generated/root.js[22m
[2m1:24:56 PM[22m [36m[1m[vite][22m[39m [34m[2m(ssr)[22m[39m [32mpage reload [39m[2m.svelte-kit/generated/root.js[22m
[2m1:24:56 PM[22m [36m[1m[vite][22m[39m [34m[2m(ssr)[22m[39m [32mpage reload [39m[2m.svelte-kit/generated/root.svelte[22m
{"timestamp":"2026-07-13T11:25:17.431Z","level":"info","event":"http_request","traceId":"a69989e087a65ac1fc847e3c813012f1","spanId":"939827f90a93e515","traceFlags":"01","parentSpanId":null,"requestId":"ebf95e2f-f4b5-4517-9433-07423aaae85a","method":"GET","path":"/login","status":200,"durationMs":152}
[2m1:31:50 PM[22m [36m[1m[vite][22m[39m [90m[2m(client)[22m[39m [32mhmr update [39m[2m/src/routes/layout.css[22m
[2m1:31:50 PM[22m [36m[1m[vite][22m[39m [34m[2m(ssr)[22m[39m [32mpage reload [39m[2msrc/hooks.server.js[22m
[2m1:33:59 PM[22m [36m[1m[vite][22m[39m [90m[2m(client)[22m[39m [32mhmr update [39m[2m/src/routes/layout.css[22m
[2m1:33:59 PM[22m [36m[1m[vite][22m[39m [34m[2m(ssr)[22m[39m [32mpage reload [39m[2msrc/routes/settings/+page.server.js[22m
[2m1:34:57 PM[22m [36m[1m[vite][22m[39m [90m[2m(client)[22m[39m [32mhmr update [39m[2m/src/routes/settings/+page.svelte, /src/routes/layout.css[22m
[2m1:34:57 PM[22m [36m[1m[vite][22m[39m [34m[2m(ssr)[22m[39m [32mpage reload [39m[2msrc/routes/settings/+page.svelte[22m
[2m1:35:35 PM[22m [36m[1m[vite][22m[39m [90m[2m(client)[22m[39m [32mhmr update [39m[2m/src/routes/layout.css[22m
[2m1:35:35 PM[22m [36m[1m[vite][22m[39m [34m[2m(ssr)[22m[39m [32mpage reload [39m[2msrc/routes/layout.css[22m
[2m1:35:45 PM[22m [36m[1m[vite][22m[39m [90m[2m(client)[22m[39m [32mpage reload [39m[2m.svelte-kit/generated/client/nodes/0.js[22m
[2m1:35:45 PM[22m [36m[1m[vite][22m[39m [90m[2m(client)[22m[39m [32mpage reload [39m[2m.svelte-kit/generated/client/nodes/1.js[22m
[2m1:35:45 PM[22m [36m[1m[vite][22m[39m [90m[2m(client)[22m[39m [32mpage reload [39m[2m.svelte-kit/generated/client/app.js[22m
[2m1:35:45 PM[22m [36m[1m[vite][22m[39m [34m[2m(ssr)[22m[39m [32mpage reload [39m[2m.svelte-kit/generated/shared/error-template.js[22m
[2m1:35:45 PM[22m [36m[1m[vite][22m[39m [90m[2m(client)[22m[39m [32mpage reload [39m[2m.svelte-kit/generated/client/nodes/9.js[22m
[2m1:35:45 PM[22m [36m[1m[vite][22m[39m [34m[2m(ssr)[22m[39m [32mpage reload [39m[2m.svelte-kit/generated/server/internal.js[22m
[2m1:35:45 PM[22m [36m[1m[vite][22m[39m [90m[2m(client)[22m[39m [32mpage reload [39m[2m.svelte-kit/generated/client/matchers.js[22m
[2m1:35:45 PM[22m [36m[1m[vite][22m[39m [90m[2m(client)[22m[39m [32mpage reload [39m[2m.svelte-kit/generated/root.js[22m
[2m1:35:45 PM[22m [36m[1m[vite][22m[39m [34m[2m(ssr)[22m[39m [32mpage reload [39m[2m.svelte-kit/generated/root.js[22m
[2m1:35:45 PM[22m [36m[1m[vite][22m[39m [34m[2m(ssr)[22m[39m [32mpage reload [39m[2m.svelte-kit/generated/root.svelte[22m
[2m1:35:46 PM[22m [36m[1m[vite][22m[39m [90m[2m(client)[22m[39m [32mpage reload [39m[2m.svelte-kit/generated/client/nodes/0.js[22m
[2m1:35:46 PM[22m [36m[1m[vite][22m[39m [90m[2m(client)[22m[39m [32mpage reload [39m[2m.svelte-kit/generated/client/nodes/1.js[22m
[2m1:35:46 PM[22m [36m[1m[vite][22m[39m [90m[2m(client)[22m[39m [32mpage reload [39m[2m.svelte-kit/generated/client/nodes/9.js[22m
[2m1:35:46 PM[22m [36m[1m[vite][22m[39m [90m[2m(client)[22m[39m [32mpage reload [39m[2m.svelte-kit/generated/client/app.js[22m
[2m1:35:46 PM[22m [36m[1m[vite][22m[39m [34m[2m(ssr)[22m[39m [32mpage reload [39m[2m.svelte-kit/generated/shared/error-template.js[22m
[2m1:35:46 PM[22m [36m[1m[vite][22m[39m [34m[2m(ssr)[22m[39m [32mpage reload [39m[2m.svelte-kit/generated/server/internal.js[22m
[2m1:35:46 PM[22m [36m[1m[vite][22m[39m [90m[2m(client)[22m[39m [32mpage reload [39m[2m.svelte-kit/generated/client/matchers.js[22m
[2m1:35:46 PM[22m [36m[1m[vite][22m[39m [90m[2m(client)[22m[39m [32mpage reload [39m[2m.svelte-kit/generated/root.js[22m
[2m1:35:46 PM[22m [36m[1m[vite][22m[39m [34m[2m(ssr)[22m[39m [32mpage reload [39m[2m.svelte-kit/generated/root.js[22m
[2m1:35:46 PM[22m [36m[1m[vite][22m[39m [34m[2m(ssr)[22m[39m [32mpage reload [39m[2m.svelte-kit/generated/root.svelte[22m
[2m1:35:47 PM[22m [36m[1m[vite][22m[39m [90m[2m(client)[22m[39m [32mpage reload [39m[2m.svelte-kit/generated/client/nodes/0.js[22m
[2m1:35:47 PM[22m [36m[1m[vite][22m[39m [90m[2m(client)[22m[39m [32mpage reload [39m[2m.svelte-kit/generated/client/nodes/1.js[22m
[2m1:35:47 PM[22m [36m[1m[vite][22m[39m [90m[2m(client)[22m[39m [32mpage reload [39m[2m.svelte-kit/generated/client/app.js[22m
[2m1:35:47 PM[22m [36m[1m[vite][22m[39m [34m[2m(ssr)[22m[39m [32mpage reload [39m[2m.svelte-kit/generated/shared/error-template.js[22m
[2m1:35:47 PM[22m [36m[1m[vite][22m[39m [90m[2m(client)[22m[39m [32mpage reload [39m[2m.svelte-kit/generated/client/nodes/9.js[22m
[2m1:35:47 PM[22m [36m[1m[vite][22m[39m [34m[2m(ssr)[22m[39m [32mpage reload [39m[2m.svelte-kit/generated/server/internal.js[22m
[2m1:35:47 PM[22m [36m[1m[vite][22m[39m [90m[2m(client)[22m[39m [32mpage reload [39m[2m.svelte-kit/generated/client/matchers.js[22m
[2m1:35:47 PM[22m [36m[1m[vite][22m[39m [90m[2m(client)[22m[39m [32mpage reload [39m[2m.svelte-kit/generated/root.js[22m
[2m1:35:47 PM[22m [36m[1m[vite][22m[39m [34m[2m(ssr)[22m[39m [32mpage reload [39m[2m.svelte-kit/generated/root.js[22m
[2m1:35:47 PM[22m [36m[1m[vite][22m[39m [34m[2m(ssr)[22m[39m [32mpage reload [39m[2m.svelte-kit/generated/root.svelte[22m
[2m1:35:49 PM[22m [36m[1m[vite][22m[39m [90m[2m(client)[22m[39m [32mpage reload [39m[2m.svelte-kit/generated/client/nodes/0.js[22m
[2m1:35:49 PM[22m [36m[1m[vite][22m[39m [90m[2m(client)[22m[39m [32mpage reload [39m[2m.svelte-kit/generated/client/nodes/1.js[22m
[2m1:35:49 PM[22m [36m[1m[vite][22m[39m [90m[2m(client)[22m[39m [32mpage reload [39m[2m.svelte-kit/generated/client/app.js[22m
[2m1:35:49 PM[22m [36m[1m[vite][22m[39m [34m[2m(ssr)[22m[39m [32mpage reload [39m[2m.svelte-kit/generated/shared/error-template.js[22m
[2m1:35:49 PM[22m [36m[1m[vite][22m[39m [34m[2m(ssr)[22m[39m [32mpage reload [39m[2m.svelte-kit/generated/server/internal.js[22m
[2m1:35:49 PM[22m [36m[1m[vite][22m[39m [90m[2m(client)[22m[39m [32mpage reload [39m[2m.svelte-kit/generated/client/nodes/9.js[22m
[2m1:35:49 PM[22m [36m[1m[vite][22m[39m [90m[2m(client)[22m[39m [32mpage reload [39m[2m.svelte-kit/generated/client/matchers.js[22m
[2m1:35:49 PM[22m [36m[1m[vite][22m[39m [90m[2m(client)[22m[39m [32mpage reload [39m[2m.svelte-kit/generated/root.js[22m
[2m1:35:49 PM[22m [36m[1m[vite][22m[39m [34m[2m(ssr)[22m[39m [32mpage reload [39m[2m.svelte-kit/generated/root.js[22m
[2m1:35:49 PM[22m [36m[1m[vite][22m[39m [34m[2m(ssr)[22m[39m [32mpage reload [39m[2m.svelte-kit/generated/root.svelte[22m
[2m1:38:29 PM[22m [36m[1m[vite][22m[39m [90m[2m(client)[22m[39m [32mhmr update [39m[2m/src/routes/layout.css[22m
[2m1:38:29 PM[22m [36m[1m[vite][22m[39m [34m[2m(ssr)[22m[39m [32mpage reload [39m[2msrc/hooks.server.js[22m
{"timestamp":"2026-07-13T11:38:59.852Z","level":"info","event":"http_request","traceId":"e7b27d8aa0ba78389f181a8c3962e953","spanId":"6efc22972d775ceb","traceFlags":"01","parentSpanId":null,"requestId":"84d81307-29d5-4501-8898-57c8f2889d52","actor":"local-admin","role":"admin","tenantId":"local-development","tenantName":"Primary organization","method":"GET","path":"/settings","status":200,"durationMs":240}
{"timestamp":"2026-07-13T11:39:00.224Z","level":"info","event":"http_request","traceId":"021527759e9da7a952c507ee08d937fa","spanId":"cb3714c2fe4cbc62","traceFlags":"01","parentSpanId":null,"requestId":"a26118c4-b56b-4e6e-a878-93b5f0269b1a","actor":"local-admin","role":"admin","tenantId":"local-development","tenantName":"Primary organization","method":"GET","path":"/settings","status":200,"durationMs":10}
[2m1:43:42 PM[22m [36m[1m[vite][22m[39m [90m[2m(client)[22m[39m [32mpage reload [39m[2m.svelte-kit/generated/client/nodes/0.js[22m
[2m1:43:42 PM[22m [36m[1m[vite][22m[39m [90m[2m(client)[22m[39m [32mpage reload [39m[2m.svelte-kit/generated/client/nodes/1.js[22m
[2m1:43:42 PM[22m [36m[1m[vite][22m[39m [90m[2m(client)[22m[39m [32mpage reload [39m[2m.svelte-kit/generated/client/app.js[22m
[2m1:43:42 PM[22m [36m[1m[vite][22m[39m [90m[2m(client)[22m[39m [32mpage reload [39m[2m.svelte-kit/generated/client/nodes/9.js[22m
[2m1:43:42 PM[22m [36m[1m[vite][22m[39m [34m[2m(ssr)[22m[39m [32mpage reload [39m[2m.svelte-kit/generated/shared/error-template.js[22m
[2m1:43:42 PM[22m [36m[1m[vite][22m[39m [34m[2m(ssr)[22m[39m [32mpage reload [39m[2m.svelte-kit/generated/server/internal.js[22m
[2m1:43:42 PM[22m [36m[1m[vite][22m[39m [90m[2m(client)[22m[39m [32mpage reload [39m[2m.svelte-kit/generated/client/matchers.js[22m
[2m1:43:42 PM[22m [36m[1m[vite][22m[39m [90m[2m(client)[22m[39m [32mpage reload [39m[2m.svelte-kit/generated/root.js[22m
[2m1:43:42 PM[22m [36m[1m[vite][22m[39m [34m[2m(ssr)[22m[39m [32mpage reload [39m[2m.svelte-kit/generated/root.js[22m
[2m1:43:42 PM[22m [36m[1m[vite][22m[39m [34m[2m(ssr)[22m[39m [32mpage reload [39m[2m.svelte-kit/generated/root.svelte[22m
[2m2:00:16 PM[22m [36m[1m[vite][22m[39m [32m.env changed, restarting server...[39m
[2m2:00:17 PM[22m [36m[1m[vite][22m[39m [34m[2m(ssr)[22m[39m Re-optimizing dependencies because vite config has changed
[2m2:00:17 PM[22m [36m[1m[vite][22m[39m [90m[2m(client)[22m[39m Re-optimizing dependencies because vite config has changed
[2m2:00:17 PM[22m [36m[1m[vite][22m[39m server restarted.
